comment allez vous

Microsoft Windows [version 10.0.19044.2846]
(c) Microsoft Corporation. Tous droits réservés.

C:\Users\maha.ousmana>cd desktop/MonGit/TP1

C:\Users\maha.ousmana\Desktop\MonGit\TP1>git init
Initialized empty Git repository in C:/Users/maha.ousmana/Desktop/MonGit/TP1/.git/

C:\Users\maha.ousmana\Desktop\MonGit\TP1>git config user.name

C:\Users\maha.ousmana\Desktop\MonGit\TP1>git config global
error: key does not contain a section: global

C:\Users\maha.ousmana\Desktop\MonGit\TP1>git config --global user.name "maha.ousmana"

C:\Users\maha.ousmana\Desktop\MonGit\TP1>git config --global user.emal ousmatotoure98@gmail.com

C:\Users\maha.ousmana\Desktop\MonGit\TP1>type nul > README.md

C:\Users\maha.ousmana\Desktop\MonGit\TP1>git status
On branch master

No commits yet

Untracked files:
  (use "git add <file>..." to include in what will be committed)
        README.md

nothing added to commit but untracked files present (use "git add" to track)

C:\Users\maha.ousmana\Desktop\MonGit\TP1>git status README.md
On branch master

No commits yet

Untracked files:
  (use "git add <file>..." to include in what will be committed)
        README.md

nothing added to commit but untracked files present (use "git add" to track)

C:\Users\maha.ousmana\Desktop\MonGit\TP1>git add README.md

C:\Users\maha.ousmana\Desktop\MonGit\TP1>git status README.md
On branch master

No commits yet

Changes to be committed:
  (use "git rm --cached <file>..." to unstage)
        new file:   README.md


C:\Users\maha.ousmana\Desktop\MonGit\TP1>git log
fatal: your current branch 'master' does not have any commits yet

C:\Users\maha.ousmana\Desktop\MonGit\TP1>git commit -m "Ajout du fichier README.md"
[master (root-commit) be26732] Ajout du fichier README.md
 Committer: maha.ousmana <maha.ousmana@odc.local>
Your name and email address were configured automatically based
on your username and hostname. Please check that they are accurate.
You can suppress this message by setting them explicitly:

    git config --global user.name "Your Name"
    git config --global user.email you@example.com

After doing this, you may fix the identity used for this commit with:

    git commit --amend --reset-author

 1 file changed, 2 insertions(+)
 create mode 100644 README.md

C:\Users\maha.ousmana\Desktop\MonGit\TP1>git log
commit be267329e79bcbe943f75a555042c9f6583fd8b0 (HEAD -> master)
Author: maha.ousmana <maha.ousmana@odc.local>
Date:   Wed Apr 26 18:30:10 2023 +0000

    Ajout du fichier README.md

C:\Users\maha.ousmana\Desktop\MonGit\TP1>git status
On branch master
nothing to commit, working tree clean

C:\Users\maha.ousmana\Desktop\MonGit\TP1>git remote add origin https://github.com/Ousmato/TP1.git

C:\Users\maha.ousmana\Desktop\MonGit\TP1>git feth origin
git: 'feth' is not a git command. See 'git --help'.

The most similar command is
        fetch

C:\Users\maha.ousmana\Desktop\MonGit\TP1>git fetch origin
remote: Enumerating objects: 3, done.
remote: Counting objects: 100% (3/3), done.
remote: Total 3 (delta 0), reused 0 (delta 0), pack-reused 0
Unpacking objects: 100% (3/3), 584 bytes | 29.00 KiB/s, done.
From https://github.com/Ousmato/TP1
 * [new branch]      main       -> origin/main

C:\Users\maha.ousmana\Desktop\MonGit\TP1>type nul> MyFile.txt

C:\Users\maha.ousmana\Desktop\MonGit\TP1>git add MyFyle.txt
fatal: pathspec 'MyFyle.txt' did not match any files

C:\Users\maha.ousmana\Desktop\MonGit\TP1>git add MyFile.txt

C:\Users\maha.ousmana\Desktop\MonGit\TP1>git commit -m "deux"
[master 22bcb3a] deux
 Committer: maha.ousmana <maha.ousmana@odc.local>
Your name and email address were configured automatically based
on your username and hostname. Please check that they are accurate.
You can suppress this message by setting them explicitly:

    git config --global user.name "Your Name"
    git config --global user.email you@example.com

After doing this, you may fix the identity used for this commit with:

    git commit --amend --reset-author

 1 file changed, 0 insertions(+), 0 deletions(-)
 create mode 100644 MyFile.txt

C:\Users\maha.ousmana\Desktop\MonGit\TP1>git commit